#
# A fatal error has been detected by the Java Runtime Environment:
#
#  EXCEPTION_ACCESS_VIOLATION (0xc0000005) at pc=0x00007ffdbe77d93d, pid=5756, tid=6736
#
# JRE version: Java(TM) SE Runtime Environment (17.0.14+8) (build 17.0.14+8-LTS-191)
# Java VM: Java HotSpot(TM) 64-Bit Server VM (17.0.14+8-LTS-191, mixed mode, sharing, tiered, compressed oops, compressed class ptrs, g1 gc, windows-amd64)
# Problematic frame:
# V  [jvm.dll+0x32d93d]
#
# No core dump will be written. Minidumps are not enabled by default on client versions of Windows
#
# If you would like to submit a bug report, please visit:
#   https://bugreport.java.com/bugreport/crash.jsp
#

---------------  S U M M A R Y ------------

Command Line: -Dclassworlds.conf=C:\Program Files\apache-maven-3.9.9\bin\m2.conf -Dmaven.home=C:\Program Files\apache-maven-3.9.9 -Dlibrary.jansi.path=C:\Program Files\apache-maven-3.9.9\lib\jansi-native -Dmaven.multiModuleProjectDirectory=C:\Users\RayenSabri\Desktop\Projects\New folder org.codehaus.plexus.classworlds.launcher.Launcher clean javafx:run

Host: Intel(R) Core(TM) i5-10300H CPU @ 2.50GHz, 8 cores, 7G,  Windows 11 , 64 bit Build 26100 (10.0.26100.3775)
Time: Sat Apr 26 02:03:31 2025 W. Central Africa Standard Time elapsed time: 1.918818 seconds (0d 0h 0m 1s)

---------------  T H R E A D  ---------------

Current thread (0x0000019af12eaa60):  JavaThread "C2 CompilerThread1" daemon [_thread_in_native, id=6736, stack(0x0000008814800000,0x0000008814900000)]


Current CompileTask:
C2:   1918 2545       4       java.util.Arrays::copyOf (19 bytes)

Stack: [0x0000008814800000,0x0000008814900000],  sp=0x00000088148fb610,  free space=1005k
Native frames: (J=compiled Java code, j=interpreted, Vv=VM code, C=native code)
V  [jvm.dll+0x32d93d]
V  [jvm.dll+0x32ea36]
V  [jvm.dll+0x32c32a]
V  [jvm.dll+0x32b9ba]
V  [jvm.dll+0x21693f]
V  [jvm.dll+0x215d6f]
V  [jvm.dll+0x1a2950]
V  [jvm.dll+0x22620b]
V  [jvm.dll+0x2243ab]
V  [jvm.dll+0x790bbc]
V  [jvm.dll+0x78b04a]
V  [jvm.dll+0x679275]
C  [ucrtbase.dll+0x37b0]
C  [KERNEL32.DLL+0x2e8d7]
C  [ntdll.dll+0xb14fc]


siginfo: EXCEPTION_ACCESS_VIOLATION (0xc0000005), reading address 0x0000000000000028


Registers:
RAX=0x0000019af1b1fc38, RBX=0x0000000000000000, RCX=0x0000019af1b1d820, RDX=0x000000000000004f
RSP=0x00000088148fb610, RBP=0x000000000000000f, RSI=0x0000000000000000, RDI=0x0000000000000000
R8 =0x00000088148fb758, R9 =0x0000019af1b20978, R10=0x0000019af1b20980, R11=0x0000019af1993518
R12=0x0000019af1991a00, R13=0x00000088148fbb90, R14=0x0000019af1993cf8, R15=0x00000088148fb670
RIP=0x00007ffdbe77d93d, EFLAGS=0x0000000000010246


Register to memory mapping:

RIP=0x00007ffdbe77d93d jvm.dll
RAX=0x0000019af1b1fc38 points into unknown readable memory: 0x00007ffdbed12c40 | 40 2c d1 be fd 7f 00 00
RBX=0x0 is NULL
RCX=0x0000019af1b1d820 points into unknown readable memory: 0x0000019af1b1ebc0 | c0 eb b1 f1 9a 01 00 00
RDX=0x000000000000004f is an unknown value
RSP=0x00000088148fb610 is pointing into the stack for thread: 0x0000019af12eaa60
RBP=0x000000000000000f is an unknown value
RSI=0x0 is NULL
RDI=0x0 is NULL
R8 =0x00000088148fb758 is pointing into the stack for thread: 0x0000019af12eaa60
R9 =0x0000019af1b20978 points into unknown readable memory: 0x0000019af1993430 | 30 34 99 f1 9a 01 00 00
R10=0x0000019af1b20980 points into unknown readable memory: 0x0000019af1992f90 | 90 2f 99 f1 9a 01 00 00
R11=0x0000019af1993518 points into unknown readable memory: 0x0000019af1991cd8 | d8 1c 99 f1 9a 01 00 00
R12=0x0000019af1991a00 points into unknown readable memory: 0x000000c800000051 | 51 00 00 00 c8 00 00 00
R13=0x00000088148fbb90 is pointing into the stack for thread: 0x0000019af12eaa60
R14=0x0000019af1993cf8 points into unknown readable memory: 0x00007ffdbed0e500 | 00 e5 d0 be fd 7f 00 00
R15=0x00000088148fb670 is pointing into the stack for thread: 0x0000019af12eaa60


Top of Stack: (sp=0x00000088148fb610)
0x00000088148fb610:   0000019af1993d60 00000088148fbb90
0x00000088148fb620:   0000019af1b1d820 0000019af1992f90
0x00000088148fb630:   0000019af1994428 0000000000000000
0x00000088148fb640:   0000019af1b1d820 00007ffdbe77ea36
0x00000088148fb650:   0000019af1b1fd28 0000019af1994a90
0x00000088148fb660:   0000019af1b1fd28 0000019af1994a00
0x00000088148fb670:   00000088148fb758 00000088148fb738
0x00000088148fb680:   00000088148fbb90 0000019af141cf00
0x00000088148fb690:   0000000000000000 0000019af19d5a18
0x00000088148fb6a0:   00000088148fbb90 000000000000009b
0x00000088148fb6b0:   00000088148fb7c0 00007ffdbe77c32a
0x00000088148fb6c0:   0000019af19d3f40 0000019af19d3490
0x00000088148fb6d0:   0000019af141cf00 0000019af19d3f40
0x00000088148fb6e0:   0000019af19950e0 00007ffdbeaaa2c4
0x00000088148fb6f0:   00000088148fe7e0 0000000000000008
0x00000088148fb700:   0000019af1b1f400 00007ffdbe6ae708 

Instructions: (pc=0x00007ffdbe77d93d)
0x00007ffdbe77d83d:   48 8b 6c 24 48 48 8b 74 24 50 48 83 c4 20 41 5f
0x00007ffdbe77d84d:   41 5e 5f e9 fb 16 00 00 cc cc cc cc cc cc cc cc
0x00007ffdbe77d85d:   cc cc cc 41 57 48 83 ec 30 48 8b 51 08 4c 8b f9
0x00007ffdbe77d86d:   4c 8b 02 49 8b c0 48 2b 42 10 48 83 c0 10 48 c1
0x00007ffdbe77d87d:   e8 04 85 c0 75 09 33 c0 48 83 c4 30 41 5f c3 48
0x00007ffdbe77d88d:   89 5c 24 40 49 8d 40 f0 48 89 6c 24 48 48 89 74
0x00007ffdbe77d89d:   24 50 48 89 7c 24 58 4c 89 64 24 28 4d 8b 20 4c
0x00007ffdbe77d8ad:   89 74 24 20 4d 8b f4 49 83 e6 fe 41 80 e4 01 41
0x00007ffdbe77d8bd:   8b 7e 20 41 39 78 08 41 0f 42 78 08 48 89 02 0f
0x00007ffdbe77d8cd:   1f 40 00 41 8b 76 28 8b de 49 8b 2f c1 eb 05 3b
0x00007ffdbe77d8dd:   5d 00 72 0a 8b d3 48 8b cd e8 75 6d 49 00 48 8b
0x00007ffdbe77d8ed:   45 08 83 e6 1f 48 8d 14 98 8b 04 98 0f ab f0 89
0x00007ffdbe77d8fd:   02 41 8b 46 2c 24 0f 3c 08 75 09 49 8b 46 08 48
0x00007ffdbe77d90d:   8b 08 eb 03 49 8b ce 49 8b 47 10 33 f6 8b 51 28
0x00007ffdbe77d91d:   48 8b 48 78 48 8b 04 d1 8b 68 68 85 ff 0f 84 b2
0x00007ffdbe77d92d:   00 00 00 49 8b 5e 10 ff cf 4d 8b 07 48 8b 1c fb
0x00007ffdbe77d93d:   8b 4b 28 8b c1 c1 e8 05 41 3b 00 73 11 8b d0 83
0x00007ffdbe77d94d:   e1 1f 49 8b 40 08 8b 04 90 0f a3 c8 72 47 8b 43
0x00007ffdbe77d95d:   2c 24 0f 3c 08 75 09 48 8b 43 08 4c 8b 00 eb 03
0x00007ffdbe77d96d:   4c 8b c3 49 8b 47 10 41 8b 50 28 48 8b 48 78 48
0x00007ffdbe77d97d:   8b 04 d1 39 68 68 72 1d 75 0b 41 8b 40 2c 83 e0
0x00007ffdbe77d98d:   0f 3c 0c 74 10 48 8b cb 48 8b f3 e8 b3 c7 32 00
0x00007ffdbe77d99d:   41 3a c4 74 04 85 ff 75 8a 48 85 f6 74 37 49 8b
0x00007ffdbe77d9ad:   5f 08 48 83 03 10 48 8b 03 48 3b 43 08 72 08 48
0x00007ffdbe77d9bd:   8b cb e8 fc b7 32 00 48 8b 0b 41 0f b6 c4 49 0b
0x00007ffdbe77d9cd:   c6 4c 8b f6 45 32 e4 48 89 01 89 79 08 8b 7e 20
0x00007ffdbe77d9dd:   e9 ee fe ff ff 45 84 e4 75 0c 41 8b 7e 20 41 b4
0x00007ffdbe77d9ed:   01 e9 dd fe ff ff 4c 8b 64 24 28 49 8b c6 4c 8b
0x00007ffdbe77d9fd:   74 24 20 48 8b 7c 24 58 48 8b 74 24 50 48 8b 6c
0x00007ffdbe77da0d:   24 48 48 8b 5c 24 40 48 83 c4 30 41 5f c3 cc cc
0x00007ffdbe77da1d:   cc cc cc 48 89 5c 24 08 48 89 74 24 10 48 89 7c
0x00007ffdbe77da2d:   24 18 41 56 48 83 ec 20 8b 59 28 48 8b f9 ff cb 


Stack slot to memory mapping:
stack at sp + 0 slots: 0x0000019af1993d60 points into unknown readable memory: 0x00007ffdbed91750 | 50 17 d9 be fd 7f 00 00
stack at sp + 1 slots: 0x00000088148fbb90 is pointing into the stack for thread: 0x0000019af12eaa60
stack at sp + 2 slots: 0x0000019af1b1d820 points into unknown readable memory: 0x0000019af1b1ebc0 | c0 eb b1 f1 9a 01 00 00
stack at sp + 3 slots: 0x0000019af1992f90 points into unknown readable memory: 0x00007ffdbeca8758 | 58 87 ca be fd 7f 00 00
stack at sp + 4 slots: 0x0000019af1994428 points into unknown readable memory: 0x00007ffdbed0e500 | 00 e5 d0 be fd 7f 00 00
stack at sp + 5 slots: 0x0 is NULL
stack at sp + 6 slots: 0x0000019af1b1d820 points into unknown readable memory: 0x0000019af1b1ebc0 | c0 eb b1 f1 9a 01 00 00
stack at sp + 7 slots: 0x00007ffdbe77ea36 jvm.dll


---------------  P R O C E S S  ---------------

Threads class SMR info:
_java_thread_list=0x0000019af1d592f0, length=15, elements={
0x0000019acdfe2d70, 0x0000019aec90e930, 0x0000019aec90f4f0, 0x0000019aec9285d0,
0x0000019aec92afa0, 0x0000019aec92b960, 0x0000019aec92c320, 0x0000019aec92d010,
0x0000019aec938850, 0x0000019aec939160, 0x0000019aecb9c590, 0x0000019aecba0ea0,
0x0000019af12eaa60, 0x0000019af1755be0, 0x0000019af22acc70
}

Java Threads: ( => current thread )
  0x0000019acdfe2d70 JavaThread "main" [_thread_in_Java, id=5196, stack(0x0000008813500000,0x0000008813600000)]
  0x0000019aec90e930 JavaThread "Reference Handler" daemon [_thread_blocked, id=9580, stack(0x0000008813c00000,0x0000008813d00000)]
  0x0000019aec90f4f0 JavaThread "Finalizer" daemon [_thread_blocked, id=5372, stack(0x0000008813d00000,0x0000008813e00000)]
  0x0000019aec9285d0 JavaThread "Signal Dispatcher" daemon [_thread_blocked, id=6168, stack(0x0000008813e00000,0x0000008813f00000)]
  0x0000019aec92afa0 JavaThread "Attach Listener" daemon [_thread_blocked, id=3704, stack(0x0000008813f00000,0x0000008814000000)]
  0x0000019aec92b960 JavaThread "Service Thread" daemon [_thread_blocked, id=5988, stack(0x0000008814000000,0x0000008814100000)]
  0x0000019aec92c320 JavaThread "Monitor Deflation Thread" daemon [_thread_blocked, id=7248, stack(0x0000008814100000,0x0000008814200000)]
  0x0000019aec92d010 JavaThread "C2 CompilerThread0" daemon [_thread_blocked, id=7016, stack(0x0000008814200000,0x0000008814300000)]
  0x0000019aec938850 JavaThread "C1 CompilerThread0" daemon [_thread_blocked, id=6016, stack(0x0000008814300000,0x0000008814400000)]
  0x0000019aec939160 JavaThread "Sweeper thread" daemon [_thread_blocked, id=5744, stack(0x0000008814400000,0x0000008814500000)]
  0x0000019aecb9c590 JavaThread "Notification Thread" daemon [_thread_blocked, id=6072, stack(0x0000008814500000,0x0000008814600000)]
  0x0000019aecba0ea0 JavaThread "Common-Cleaner" daemon [_thread_blocked, id=6792, stack(0x0000008814700000,0x0000008814800000)]
=>0x0000019af12eaa60 JavaThread "C2 CompilerThread1" daemon [_thread_in_native, id=6736, stack(0x0000008814800000,0x0000008814900000)]
  0x0000019af1755be0 JavaThread "C2 CompilerThread2" daemon [_thread_in_native, id=6372, stack(0x0000008814900000,0x0000008814a00000)]
  0x0000019af22acc70 JavaThread "Thread-1" daemon [_thread_blocked, id=6700, stack(0x0000008815100000,0x0000008815200000)]

Other Threads:
  0x0000019aec90ba60 VMThread "VM Thread" [stack: 0x0000008813b00000,0x0000008813c00000] [id=7524]
  0x0000019ace05aef0 WatcherThread [stack: 0x0000008814600000,0x0000008814700000] [id=6488]
  0x0000019ace040030 GCTaskThread "GC Thread#0" [stack: 0x0000008813600000,0x0000008813700000] [id=9004]
  0x0000019aecc7a720 GCTaskThread "GC Thread#1" [stack: 0x0000008814a00000,0x0000008814b00000] [id=6304]
  0x0000019af16d8430 GCTaskThread "GC Thread#2" [stack: 0x0000008814b00000,0x0000008814c00000] [id=6808]
  0x0000019af18cb2c0 GCTaskThread "GC Thread#3" [stack: 0x0000008814c00000,0x0000008814d00000] [id=6360]
  0x0000019af17ceeb0 GCTaskThread "GC Thread#4" [stack: 0x0000008814d00000,0x0000008814e00000] [id=6508]
  0x0000019af16d9730 GCTaskThread "GC Thread#5" [stack: 0x0000008814e00000,0x0000008814f00000] [id=6368]
  0x0000019af18ae240 GCTaskThread "GC Thread#6" [stack: 0x0000008814f00000,0x0000008815000000] [id=6784]
  0x0000019af1caee40 GCTaskThread "GC Thread#7" [stack: 0x0000008815000000,0x0000008815100000] [id=6484]
  0x0000019ace051850 ConcurrentGCThread "G1 Main Marker" [stack: 0x0000008813700000,0x0000008813800000] [id=5248]
  0x0000019ace052260 ConcurrentGCThread "G1 Conc#0" [stack: 0x0000008813800000,0x0000008813900000] [id=1788]
  0x0000019aec7bb9b0 ConcurrentGCThread "G1 Refine#0" [stack: 0x0000008813900000,0x0000008813a00000] [id=10352]
  0x0000019aec7bc280 ConcurrentGCThread "G1 Service" [stack: 0x0000008813a00000,0x0000008813b00000] [id=7916]

Threads with active compile tasks:
C2 CompilerThread0     1994 2622       4       org.codehaus.plexus.util.xml.pull.MXParser::next (10 bytes)
C1 CompilerThread0     1994 2621       3       org.apache.maven.model.io.xpp3.MavenXpp3Reader::checkFieldWithDuplicate (75 bytes)
C2 CompilerThread1     1994 2545       4       java.util.Arrays::copyOf (19 bytes)
C2 CompilerThread2     1994 2543       4       java.util.concurrent.ConcurrentHashMap::get (162 bytes)

VM state: not at safepoint (normal execution)

VM Mutex/Monitor currently owned by a thread: None

Heap address: 0x0000000082000000, size: 2016 MB, Compressed Oops mode: 32-bit

CDS archive(s) mapped at: [0x0000019a80000000-0x0000019a80bd0000-0x0000019a80bd0000), size 12386304, SharedBaseAddress: 0x0000019a80000000, ArchiveRelocationMode: 1.
Compressed class space mapped at: 0x0000019a81000000-0x0000019ac1000000, reserved size: 1073741824
Narrow klass base: 0x0000019a80000000, Narrow klass shift: 0, Narrow klass range: 0x100000000

GC Precious Log:
 CPUs: 8 total, 8 available
 Memory: 8059M
 Large Page Support: Disabled
 NUMA Support: Disabled
 Compressed Oops: Enabled (32-bit)
 Heap Region Size: 1M
 Heap Min Capacity: 8M
 Heap Initial Capacity: 126M
 Heap Max Capacity: 2016M
 Pre-touch: Disabled
 Parallel Workers: 8
 Concurrent Workers: 2
 Concurrent Refinement Workers: 8
 Periodic GC: Disabled

Heap:
 garbage-first heap   total 129024K, used 26214K [0x0000000082000000, 0x0000000100000000)
  region size 1024K, 24 young (24576K), 2 survivors (2048K)
 Metaspace       used 14598K, committed 14720K, reserved 1114112K
  class space    used 1794K, committed 1856K, reserved 1048576K

Heap Regions: E=young(eden), S=young(survivor), O=old, HS=humongous(starts), HC=humongous(continues), CS=collection set, F=free, OA=open archive, CA=closed archive, TAMS=top-at-mark-start (previous, next)
|   0|0x0000000082000000, 0x0000000082100000, 0x0000000082100000|100%| O|  |TAMS 0x0000000082000000, 0x0000000082000000| Untracked 
|   1|0x0000000082100000, 0x0000000082200000, 0x0000000082200000|100%| O|  |TAMS 0x0000000082100000, 0x0000000082100000| Untracked 
|   2|0x0000000082200000, 0x0000000082300000, 0x0000000082300000|100%| O|  |TAMS 0x0000000082200000, 0x0000000082200000| Untracked 
|   3|0x0000000082300000, 0x0000000082399800, 0x0000000082400000| 59%| O|  |TAMS 0x0000000082300000, 0x0000000082300000| Untracked 
|   4|0x0000000082400000, 0x0000000082400000, 0x0000000082500000|  0%| F|  |TAMS 0x0000000082400000, 0x0000000082400000| Untracked 
|   5|0x0000000082500000, 0x0000000082500000, 0x0000000082600000|  0%| F|  |TAMS 0x0000000082500000, 0x0000000082500000| Untracked 
|   6|0x0000000082600000, 0x0000000082600000, 0x0000000082700000|  0%| F|  |TAMS 0x0000000082600000, 0x0000000082600000| Untracked 
|   7|0x0000000082700000, 0x0000000082700000, 0x0000000082800000|  0%| F|  |TAMS 0x0000000082700000, 0x0000000082700000| Untracked 
|   8|0x0000000082800000, 0x0000000082800000, 0x0000000082900000|  0%| F|  |TAMS 0x0000000082800000, 0x0000000082800000| Untracked 
|   9|0x0000000082900000, 0x0000000082900000, 0x0000000082a00000|  0%| F|  |TAMS 0x0000000082900000, 0x0000000082900000| Untracked 
|  10|0x0000000082a00000, 0x0000000082a00000, 0x0000000082b00000|  0%| F|  |TAMS 0x0000000082a00000, 0x0000000082a00000| Untracked 
|  11|0x0000000082b00000, 0x0000000082b00000, 0x0000000082c00000|  0%| F|  |TAMS 0x0000000082b00000, 0x0000000082b00000| Untracked 
|  12|0x0000000082c00000, 0x0000000082c00000, 0x0000000082d00000|  0%| F|  |TAMS 0x0000000082c00000, 0x0000000082c00000| Untracked 
|  13|0x0000000082d00000, 0x0000000082d00000, 0x0000000082e00000|  0%| F|  |TAMS 0x0000000082d00000, 0x0000000082d00000| Untracked 
|  14|0x0000000082e00000, 0x0000000082e00000, 0x0000000082f00000|  0%| F|  |TAMS 0x0000000082e00000, 0x0000000082e00000| Untracked 
|  15|0x0000000082f00000, 0x0000000082f00000, 0x0000000083000000|  0%| F|  |TAMS 0x0000000082f00000, 0x0000000082f00000| Untracked 
|  16|0x0000000083000000, 0x0000000083000000, 0x0000000083100000|  0%| F|  |TAMS 0x0000000083000000, 0x0000000083000000| Untracked 
|  17|0x0000000083100000, 0x0000000083100000, 0x0000000083200000|  0%| F|  |TAMS 0x0000000083100000, 0x0000000083100000| Untracked 
|  18|0x0000000083200000, 0x0000000083200000, 0x0000000083300000|  0%| F|  |TAMS 0x0000000083200000, 0x0000000083200000| Untracked 
|  19|0x0000000083300000, 0x0000000083300000, 0x0000000083400000|  0%| F|  |TAMS 0x0000000083300000, 0x0000000083300000| Untracked 
|  20|0x0000000083400000, 0x0000000083400000, 0x0000000083500000|  0%| F|  |TAMS 0x0000000083400000, 0x0000000083400000| Untracked 
|  21|0x0000000083500000, 0x0000000083500000, 0x0000000083600000|  0%| F|  |TAMS 0x0000000083500000, 0x0000000083500000| Untracked 
|  22|0x0000000083600000, 0x0000000083600000, 0x0000000083700000|  0%| F|  |TAMS 0x0000000083600000, 0x0000000083600000| Untracked 
|  23|0x0000000083700000, 0x0000000083700000, 0x0000000083800000|  0%| F|  |TAMS 0x0000000083700000, 0x0000000083700000| Untracked 
|  24|0x0000000083800000, 0x0000000083800000, 0x0000000083900000|  0%| F|  |TAMS 0x0000000083800000, 0x0000000083800000| Untracked 
|  25|0x0000000083900000, 0x0000000083900000, 0x0000000083a00000|  0%| F|  |TAMS 0x0000000083900000, 0x0000000083900000| Untracked 
|  26|0x0000000083a00000, 0x0000000083a00000, 0x0000000083b00000|  0%| F|  |TAMS 0x0000000083a00000, 0x0000000083a00000| Untracked 
|  27|0x0000000083b00000, 0x0000000083b00000, 0x0000000083c00000|  0%| F|  |TAMS 0x0000000083b00000, 0x0000000083b00000| Untracked 
|  28|0x0000000083c00000, 0x0000000083c00000, 0x0000000083d00000|  0%| F|  |TAMS 0x0000000083c00000, 0x0000000083c00000| Untracked 
|  29|0x0000000083d00000, 0x0000000083d00000, 0x0000000083e00000|  0%| F|  |TAMS 0x0000000083d00000, 0x0000000083d00000| Untracked 
|  30|0x0000000083e00000, 0x0000000083e00000, 0x0000000083f00000|  0%| F|  |TAMS 0x0000000083e00000, 0x0000000083e00000| Untracked 
|  31|0x0000000083f00000, 0x0000000083f00000, 0x0000000084000000|  0%| F|  |TAMS 0x0000000083f00000, 0x0000000083f00000| Untracked 
|  32|0x0000000084000000, 0x0000000084000000, 0x0000000084100000|  0%| F|  |TAMS 0x0000000084000000, 0x0000000084000000| Untracked 
|  33|0x0000000084100000, 0x0000000084100000, 0x0000000084200000|  0%| F|  |TAMS 0x0000000084100000, 0x0000000084100000| Untracked 
|  34|0x0000000084200000, 0x0000000084200000, 0x0000000084300000|  0%| F|  |TAMS 0x0000000084200000, 0x0000000084200000| Untracked 
|  35|0x0000000084300000, 0x0000000084300000, 0x0000000084400000|  0%| F|  |TAMS 0x0000000084300000, 0x0000000084300000| Untracked 
|  36|0x0000000084400000, 0x0000000084400000, 0x0000000084500000|  0%| F|  |TAMS 0x0000000084400000, 0x0000000084400000| Untracked 
|  37|0x0000000084500000, 0x0000000084500000, 0x0000000084600000|  0%| F|  |TAMS 0x0000000084500000, 0x0000000084500000| Untracked 
|  38|0x0000000084600000, 0x0000000084600000, 0x0000000084700000|  0%| F|  |TAMS 0x0000000084600000, 0x0000000084600000| Untracked 
|  39|0x0000000084700000, 0x0000000084700000, 0x0000000084800000|  0%| F|  |TAMS 0x0000000084700000, 0x0000000084700000| Untracked 
|  40|0x0000000084800000, 0x0000000084800000, 0x0000000084900000|  0%| F|  |TAMS 0x0000000084800000, 0x0000000084800000| Untracked 
|  41|0x0000000084900000, 0x0000000084900000, 0x0000000084a00000|  0%| F|  |TAMS 0x0000000084900000, 0x0000000084900000| Untracked 
|  42|0x0000000084a00000, 0x0000000084a00000, 0x0000000084b00000|  0%| F|  |TAMS 0x0000000084a00000, 0x0000000084a00000| Untracked 
|  43|0x0000000084b00000, 0x0000000084b00000, 0x0000000084c00000|  0%| F|  |TAMS 0x0000000084b00000, 0x0000000084b00000| Untracked 
|  44|0x0000000084c00000, 0x0000000084c00000, 0x0000000084d00000|  0%| F|  |TAMS 0x0000000084c00000, 0x0000000084c00000| Untracked 
|  45|0x0000000084d00000, 0x0000000084d00000, 0x0000000084e00000|  0%| F|  |TAMS 0x0000000084d00000, 0x0000000084d00000| Untracked 
|  46|0x0000000084e00000, 0x0000000084e00000, 0x0000000084f00000|  0%| F|  |TAMS 0x0000000084e00000, 0x0000000084e00000| Untracked 
|  47|0x0000000084f00000, 0x0000000084f00000, 0x0000000085000000|  0%| F|  |TAMS 0x0000000084f00000, 0x0000000084f00000| Untracked 
|  48|0x0000000085000000, 0x0000000085000000, 0x0000000085100000|  0%| F|  |TAMS 0x0000000085000000, 0x0000000085000000| Untracked 
|  49|0x0000000085100000, 0x0000000085100000, 0x0000000085200000|  0%| F|  |TAMS 0x0000000085100000, 0x0000000085100000| Untracked 
|  50|0x0000000085200000, 0x0000000085200000, 0x0000000085300000|  0%| F|  |TAMS 0x0000000085200000, 0x0000000085200000| Untracked 
|  51|0x0000000085300000, 0x0000000085300000, 0x0000000085400000|  0%| F|  |TAMS 0x0000000085300000, 0x0000000085300000| Untracked 
|  52|0x0000000085400000, 0x0000000085400000, 0x0000000085500000|  0%| F|  |TAMS 0x0000000085400000, 0x0000000085400000| Untracked 
|  53|0x0000000085500000, 0x0000000085500000, 0x0000000085600000|  0%| F|  |TAMS 0x0000000085500000, 0x0000000085500000| Untracked 
|  54|0x0000000085600000, 0x0000000085600000, 0x0000000085700000|  0%| F|  |TAMS 0x0000000085600000, 0x0000000085600000| Untracked 
|  55|0x0000000085700000, 0x0000000085700000, 0x0000000085800000|  0%| F|  |TAMS 0x0000000085700000, 0x0000000085700000| Untracked 
|  56|0x0000000085800000, 0x0000000085800000, 0x0000000085900000|  0%| F|  |TAMS 0x0000000085800000, 0x0000000085800000| Untracked 
|  57|0x0000000085900000, 0x0000000085900000, 0x0000000085a00000|  0%| F|  |TAMS 0x0000000085900000, 0x0000000085900000| Untracked 
|  58|0x0000000085a00000, 0x0000000085a00000, 0x0000000085b00000|  0%| F|  |TAMS 0x0000000085a00000, 0x0000000085a00000| Untracked 
|  59|0x0000000085b00000, 0x0000000085b00000, 0x0000000085c00000|  0%| F|  |TAMS 0x0000000085b00000, 0x0000000085b00000| Untracked 
|  60|0x0000000085c00000, 0x0000000085c00000, 0x0000000085d00000|  0%| F|  |TAMS 0x0000000085c00000, 0x0000000085c00000| Untracked 
|  61|0x0000000085d00000, 0x0000000085d00000, 0x0000000085e00000|  0%| F|  |TAMS 0x0000000085d00000, 0x0000000085d00000| Untracked 
|  62|0x0000000085e00000, 0x0000000085e00000, 0x0000000085f00000|  0%| F|  |TAMS 0x0000000085e00000, 0x0000000085e00000| Untracked 
|  63|0x0000000085f00000, 0x0000000085f00000, 0x0000000086000000|  0%| F|  |TAMS 0x0000000085f00000, 0x0000000085f00000| Untracked 
|  64|0x0000000086000000, 0x0000000086000000, 0x0000000086100000|  0%| F|  |TAMS 0x0000000086000000, 0x0000000086000000| Untracked 
|  65|0x0000000086100000, 0x0000000086100000, 0x0000000086200000|  0%| F|  |TAMS 0x0000000086100000, 0x0000000086100000| Untracked 
|  66|0x0000000086200000, 0x0000000086200000, 0x0000000086300000|  0%| F|  |TAMS 0x0000000086200000, 0x0000000086200000| Untracked 
|  67|0x0000000086300000, 0x0000000086300000, 0x0000000086400000|  0%| F|  |TAMS 0x0000000086300000, 0x0000000086300000| Untracked 
|  68|0x0000000086400000, 0x0000000086400000, 0x0000000086500000|  0%| F|  |TAMS 0x0000000086400000, 0x0000000086400000| Untracked 
|  69|0x0000000086500000, 0x0000000086500000, 0x0000000086600000|  0%| F|  |TAMS 0x0000000086500000, 0x0000000086500000| Untracked 
|  70|0x0000000086600000, 0x0000000086600000, 0x0000000086700000|  0%| F|  |TAMS 0x0000000086600000, 0x0000000086600000| Untracked 
|  71|0x0000000086700000, 0x0000000086700000, 0x0000000086800000|  0%| F|  |TAMS 0x0000000086700000, 0x0000000086700000| Untracked 
|  72|0x0000000086800000, 0x0000000086800000, 0x0000000086900000|  0%| F|  |TAMS 0x0000000086800000, 0x0000000086800000| Untracked 
|  73|0x0000000086900000, 0x0000000086900000, 0x0000000086a00000|  0%| F|  |TAMS 0x0000000086900000, 0x0000000086900000| Untracked 
|  74|0x0000000086a00000, 0x0000000086a00000, 0x0000000086b00000|  0%| F|  |TAMS 0x0000000086a00000, 0x0000000086a00000| Untracked 
|  75|0x0000000086b00000, 0x0000000086b00000, 0x0000000086c00000|  0%| F|  |TAMS 0x0000000086b00000, 0x0000000086b00000| Untracked 
|  76|0x0000000086c00000, 0x0000000086c00000, 0x0000000086d00000|  0%| F|  |TAMS 0x0000000086c00000, 0x0000000086c00000| Untracked 
|  77|0x0000000086d00000, 0x0000000086d00000, 0x0000000086e00000|  0%| F|  |TAMS 0x0000000086d00000, 0x0000000086d00000| Untracked 
|  78|0x0000000086e00000, 0x0000000086e00000, 0x0000000086f00000|  0%| F|  |TAMS 0x0000000086e00000, 0x0000000086e00000| Untracked 
|  79|0x0000000086f00000, 0x0000000086f00000, 0x0000000087000000|  0%| F|  |TAMS 0x0000000086f00000, 0x0000000086f00000| Untracked 
|  80|0x0000000087000000, 0x0000000087000000, 0x0000000087100000|  0%| F|  |TAMS 0x0000000087000000, 0x0000000087000000| Untracked 
|  81|0x0000000087100000, 0x0000000087100000, 0x0000000087200000|  0%| F|  |TAMS 0x0000000087100000, 0x0000000087100000| Untracked 
|  82|0x0000000087200000, 0x0000000087200000, 0x0000000087300000|  0%| F|  |TAMS 0x0000000087200000, 0x0000000087200000| Untracked 
|  83|0x0000000087300000, 0x0000000087300000, 0x0000000087400000|  0%| F|  |TAMS 0x0000000087300000, 0x0000000087300000| Untracked 
|  84|0x0000000087400000, 0x0000000087400000, 0x0000000087500000|  0%| F|  |TAMS 0x0000000087400000, 0x0000000087400000| Untracked 
|  85|0x0000000087500000, 0x0000000087500000, 0x0000000087600000|  0%| F|  |TAMS 0x0000000087500000, 0x0000000087500000| Untracked 
|  86|0x0000000087600000, 0x0000000087600000, 0x0000000087700000|  0%| F|  |TAMS 0x0000000087600000, 0x0000000087600000| Untracked 
|  87|0x0000000087700000, 0x0000000087700000, 0x0000000087800000|  0%| F|  |TAMS 0x0000000087700000, 0x0000000087700000| Untracked 
|  88|0x0000000087800000, 0x0000000087800000, 0x0000000087900000|  0%| F|  |TAMS 0x0000000087800000, 0x0000000087800000| Untracked 
|  89|0x0000000087900000, 0x0000000087900000, 0x0000000087a00000|  0%| F|  |TAMS 0x0000000087900000, 0x0000000087900000| Untracked 
|  90|0x0000000087a00000, 0x0000000087b00000, 0x0000000087b00000|100%| S|CS|TAMS 0x0000000087a00000, 0x0000000087a00000| Complete 
|  91|0x0000000087b00000, 0x0000000087c00000, 0x0000000087c00000|100%| S|CS|TAMS 0x0000000087b00000, 0x0000000087b00000| Complete 
|  92|0x0000000087c00000, 0x0000000087c00000, 0x0000000087d00000|  0%| F|  |TAMS 0x0000000087c00000, 0x0000000087c00000| Untracked 
|  93|0x0000000087d00000, 0x0000000087d00000, 0x0000000087e00000|  0%| F|  |TAMS 0x0000000087d00000, 0x0000000087d00000| Untracked 
|  94|0x0000000087e00000, 0x0000000087e00000, 0x0000000087f00000|  0%| F|  |TAMS 0x0000000087e00000, 0x0000000087e00000| Untracked 
|  95|0x0000000087f00000, 0x0000000087f00000, 0x0000000088000000|  0%| F|  |TAMS 0x0000000087f00000, 0x0000000087f00000| Untracked 
|  96|0x0000000088000000, 0x0000000088000000, 0x0000000088100000|  0%| F|  |TAMS 0x0000000088000000, 0x0000000088000000| Untracked 
|  97|0x0000000088100000, 0x0000000088100000, 0x0000000088200000|  0%| F|  |TAMS 0x0000000088100000, 0x0000000088100000| Untracked 
|  98|0x0000000088200000, 0x0000000088200000, 0x0000000088300000|  0%| F|  |TAMS 0x0000000088200000, 0x0000000088200000| Untracked 
|  99|0x0000000088300000, 0x0000000088300000, 0x0000000088400000|  0%| F|  |TAMS 0x0000000088300000, 0x0000000088300000| Untracked 
| 100|0x0000000088400000, 0x0000000088400000, 0x0000000088500000|  0%| F|  |TAMS 0x0000000088400000, 0x0000000088400000| Untracked 
| 101|0x0000000088500000, 0x0000000088500000, 0x0000000088600000|  0%| F|  |TAMS 0x0000000088500000, 0x0000000088500000| Untracked 
| 102|0x0000000088600000, 0x0000000088600000, 0x0000000088700000|  0%| F|  |TAMS 0x0000000088600000, 0x0000000088600000| Untracked 
| 103|0x0000000088700000, 0x0000000088700000, 0x0000000088800000|  0%| F|  |TAMS 0x0000000088700000, 0x0000000088700000| Untracked 
| 104|0x0000000088800000, 0x0000000088900000, 0x0000000088900000|100%| E|  |TAMS 0x0000000088800000, 0x0000000088800000| Complete 
| 105|0x0000000088900000, 0x0000000088a00000, 0x0000000088a00000|100%| E|CS|TAMS 0x0000000088900000, 0x0000000088900000| Complete 
| 106|0x0000000088a00000, 0x0000000088b00000, 0x0000000088b00000|100%| E|CS|TAMS 0x0000000088a00000, 0x0000000088a00000| Complete 
| 107|0x0000000088b00000, 0x0000000088c00000, 0x0000000088c00000|100%| E|CS|TAMS 0x0000000088b00000, 0x0000000088b00000| Complete 
| 108|0x0000000088c00000, 0x0000000088d00000, 0x0000000088d00000|100%| E|CS|TAMS 0x0000000088c00000, 0x0000000088c00000| Complete 
| 109|0x0000000088d00000, 0x0000000088e00000, 0x0000000088e00000|100%| E|CS|TAMS 0x0000000088d00000, 0x0000000088d00000| Complete 
| 110|0x0000000088e00000, 0x0000000088f00000, 0x0000000088f00000|100%| E|CS|TAMS 0x0000000088e00000, 0x0000000088e00000| Complete 
| 111|0x0000000088f00000, 0x0000000089000000, 0x0000000089000000|100%| E|CS|TAMS 0x0000000088f00000, 0x0000000088f00000| Complete 
| 112|0x0000000089000000, 0x0000000089100000, 0x0000000089100000|100%| E|CS|TAMS 0x0000000089000000, 0x0000000089000000| Complete 
| 113|0x0000000089100000, 0x0000000089200000, 0x0000000089200000|100%| E|CS|TAMS 0x0000000089100000, 0x0000000089100000| Complete 
| 114|0x0000000089200000, 0x0000000089300000, 0x0000000089300000|100%| E|CS|TAMS 0x0000000089200000, 0x0000000089200000| Complete 
| 115|0x0000000089300000, 0x0000000089400000, 0x0000000089400000|100%| E|  |TAMS 0x0000000089300000, 0x0000000089300000| Complete 
| 116|0x0000000089400000, 0x0000000089500000, 0x0000000089500000|100%| E|CS|TAMS 0x0000000089400000, 0x0000000089400000| Complete 
| 117|0x0000000089500000, 0x0000000089600000, 0x0000000089600000|100%| E|CS|TAMS 0x0000000089500000, 0x0000000089500000| Complete 
| 118|0x0000000089600000, 0x0000000089700000, 0x0000000089700000|100%| E|CS|TAMS 0x0000000089600000, 0x0000000089600000| Complete 
| 119|0x0000000089700000, 0x0000000089800000, 0x0000000089800000|100%| E|CS|TAMS 0x0000000089700000, 0x0000000089700000| Complete 
| 120|0x0000000089800000, 0x0000000089900000, 0x0000000089900000|100%| E|CS|TAMS 0x0000000089800000, 0x0000000089800000| Complete 
| 121|0x0000000089900000, 0x0000000089a00000, 0x0000000089a00000|100%| E|CS|TAMS 0x0000000089900000, 0x0000000089900000| Complete 
| 122|0x0000000089a00000, 0x0000000089b00000, 0x0000000089b00000|100%| E|CS|TAMS 0x0000000089a00000, 0x0000000089a00000| Complete 
| 123|0x0000000089b00000, 0x0000000089c00000, 0x0000000089c00000|100%| E|CS|TAMS 0x0000000089b00000, 0x0000000089b00000| Complete 
| 124|0x0000000089c00000, 0x0000000089d00000, 0x0000000089d00000|100%| E|CS|TAMS 0x0000000089c00000, 0x0000000089c00000| Complete 
| 125|0x0000000089d00000, 0x0000000089e00000, 0x0000000089e00000|100%| E|CS|TAMS 0x0000000089d00000, 0x0000000089d00000| Complete 

Card table byte_map: [0x0000019ae5770000,0x0000019ae5b60000] _byte_map_base: 0x0000019ae5360000

Marking Bits (Prev, Next): (CMBitMap*) 0x0000019ace040650, (CMBitMap*) 0x0000019ace040690
 Prev Bits: [0x0000019ae5f50000, 0x0000019ae7ed0000)
 Next Bits: [0x0000019ae7ed0000, 0x0000019ae9e50000)

Polling page: 0x0000019ace0b0000

Metaspace:

Usage:
  Non-class:     12.53 MB used.
      Class:      1.75 MB used.
       Both:     14.28 MB used.

Virtual space:
  Non-class space:       64.00 MB reserved,      12.62 MB ( 20%) committed,  1 nodes.
      Class space:        1.00 GB reserved,       1.81 MB ( <1%) committed,  1 nodes.
             Both:        1.06 GB reserved,      14.44 MB (  1%) committed. 

Chunk freelists:
   Non-Class:  2.55 MB
       Class:  14.00 MB
        Both:  16.55 MB

MaxMetaspaceSize: unlimited
CompressedClassSpaceSize: 1.00 GB
Initial GC threshold: 21.00 MB
Current GC threshold: 21.00 MB
CDS: on
MetaspaceReclaimPolicy: balanced
 - commit_granule_bytes: 65536.
 - commit_granule_words: 8192.
 - virtual_space_node_default_size: 8388608.
 - enlarge_chunks_in_place: 1.
 - new_chunks_are_fully_committed: 0.
 - uncommit_free_chunks: 1.
 - use_allocation_guard: 0.
 - handle_deallocations: 1.


Internal statistics:

num_allocs_failed_limit: 0.
num_arena_births: 90.
num_arena_deaths: 0.
num_vsnodes_births: 2.
num_vsnodes_deaths: 0.
num_space_committed: 231.
num_space_uncommitted: 0.
num_chunks_returned_to_freelist: 0.
num_chunks_taken_from_freelist: 605.
num_chunk_merges: 0.
num_chunk_splits: 411.
num_chunks_enlarged: 333.
num_inconsistent_stats: 0.

CodeHeap 'non-profiled nmethods': size=120000Kb used=1070Kb max_used=1070Kb free=118929Kb
 bounds [0x0000019add3f0000, 0x0000019add660000, 0x0000019ae4920000]
CodeHeap 'profiled nmethods': size=120000Kb used=5249Kb max_used=5249Kb free=114750Kb
 bounds [0x0000019ad5920000, 0x0000019ad5e50000, 0x0000019adce50000]
CodeHeap 'non-nmethods': size=5760Kb used=1179Kb max_used=1223Kb free=4581Kb
 bounds [0x0000019adce50000, 0x0000019add0c0000, 0x0000019add3f0000]
 total_blobs=3097 nmethods=2630 adapters=379
 compilation: enabled
              stopped_count=0, restarted_count=0
 full_count=0

Compilation events (20 events):
Event: 1.891 Thread 0x0000019aec938850 2533       3       java.lang.Byte::hashCode (8 bytes)
Event: 1.891 Thread 0x0000019aec938850 nmethod 2533 0x0000019ad5e04810 code [0x0000019ad5e049a0, 0x0000019ad5e04af8]
Event: 1.891 Thread 0x0000019aec938850 2534       3       java.lang.Byte::hashCode (2 bytes)
Event: 1.891 Thread 0x0000019aec938850 nmethod 2534 0x0000019ad5e04b90 code [0x0000019ad5e04d20, 0x0000019ad5e04e18]
Event: 1.892 Thread 0x0000019aec938850 2537       3       sun.invoke.util.VerifyAccess::isMemberAccessible (338 bytes)
Event: 1.894 Thread 0x0000019aec938850 nmethod 2537 0x0000019ad5e04e90 code [0x0000019ad5e05220, 0x0000019ad5e065c8]
Event: 1.894 Thread 0x0000019aec938850 2538       3       java.lang.invoke.DirectMethodHandle::internalMemberName (8 bytes)
Event: 1.894 Thread 0x0000019aec938850 nmethod 2538 0x0000019ad5e06b10 code [0x0000019ad5e06ca0, 0x0000019ad5e06e98]
Event: 1.894 Thread 0x0000019aec938850 2539       3       com.google.inject.internal.Scoping$4::acceptVisitor (10 bytes)
Event: 1.894 Thread 0x0000019af12eaa60 2540       4       java.lang.reflect.Modifier::isStatic (13 bytes)
Event: 1.894 Thread 0x0000019aec938850 nmethod 2539 0x0000019ad5e06f90 code [0x0000019ad5e07140, 0x0000019ad5e07328]
Event: 1.895 Thread 0x0000019aec938850 2541       3       com.google.common.collect.MapMakerInternalMap$Segment::postReadCleanup (18 bytes)
Event: 1.895 Thread 0x0000019af12eaa60 nmethod 2540 0x0000019add4f4410 code [0x0000019add4f4580, 0x0000019add4f45d8]
Event: 1.895 Thread 0x0000019aec938850 nmethod 2541 0x0000019ad5e07410 code [0x0000019ad5e075c0, 0x0000019ad5e078d8]
Event: 1.895 Thread 0x0000019aec938850 2542       3       sun.net.util.IPAddressUtil::checkHostString (53 bytes)
Event: 1.896 Thread 0x0000019aec938850 nmethod 2542 0x0000019ad5e07a10 code [0x0000019ad5e07cc0, 0x0000019ad5e088a8]
Event: 1.900 Thread 0x0000019af1755be0 2543       4       java.util.concurrent.ConcurrentHashMap::get (162 bytes)
Event: 1.901 Thread 0x0000019aec938850 2544       3       java.util.Calendar::internalSet (8 bytes)
Event: 1.901 Thread 0x0000019aec938850 nmethod 2544 0x0000019ad5e08d10 code [0x0000019ad5e08ea0, 0x0000019ad5e08fd8]
Event: 1.903 Thread 0x0000019af12eaa60 2545       4       java.util.Arrays::copyOf (19 bytes)

GC Heap History (4 events):
Event: 0.764 GC heap before
{Heap before GC invocations=0 (full 0):
 garbage-first heap   total 129024K, used 22528K [0x0000000082000000, 0x0000000100000000)
  region size 1024K, 23 young (23552K), 0 survivors (0K)
 Metaspace       used 5485K, committed 5696K, reserved 1114112K
  class space    used 664K, committed 768K, reserved 1048576K
}
Event: 0.770 GC heap after
{Heap after GC invocations=1 (full 0):
 garbage-first heap   total 129024K, used 3669K [0x0000000082000000, 0x0000000100000000)
  region size 1024K, 3 young (3072K), 3 survivors (3072K)
 Metaspace       used 5485K, committed 5696K, reserved 1114112K
  class space    used 664K, committed 768K, reserved 1048576K
}
Event: 1.384 GC heap before
{Heap before GC invocations=1 (full 0):
 garbage-first heap   total 129024K, used 35413K [0x0000000082000000, 0x0000000100000000)
  region size 1024K, 34 young (34816K), 3 survivors (3072K)
 Metaspace       used 10102K, committed 10304K, reserved 1114112K
  class space    used 1236K, committed 1344K, reserved 1048576K
}
Event: 1.391 GC heap after
{Heap after GC invocations=2 (full 0):
 garbage-first heap   total 129024K, used 5734K [0x0000000082000000, 0x0000000100000000)
  region size 1024K, 2 young (2048K), 2 survivors (2048K)
 Metaspace       used 10102K, committed 10304K, reserved 1114112K
  class space    used 1236K, committed 1344K, reserved 1048576K
}

Deoptimization events (20 events):
Event: 1.834 Thread 0x0000019acdfe2d70 DEOPT PACKING pc=0x0000019add4bc274 sp=0x00000088135fe2e0
Event: 1.834 Thread 0x0000019acdfe2d70 DEOPT UNPACKING pc=0x0000019adcea23a3 sp=0x00000088135fe178 mode 2
Event: 1.854 Thread 0x0000019acdfe2d70 DEOPT PACKING pc=0x0000019add4c98f8 sp=0x00000088135fde80
Event: 1.854 Thread 0x0000019acdfe2d70 DEOPT UNPACKING pc=0x0000019adcea2b43 sp=0x00000088135fd2a0 mode 0
Event: 1.855 Thread 0x0000019acdfe2d70 Uncommon trap: trap_request=0xffffff45 fr.pc=0x0000019add4acb24 relative=0x0000000000000a64
Event: 1.855 Thread 0x0000019acdfe2d70 Uncommon trap: reason=unstable_if action=reinterpret pc=0x0000019add4acb24 method=sun.net.util.IPAddressUtil.scan(Ljava/lang/String;JJ[C)I @ 14 c2
Event: 1.855 Thread 0x0000019acdfe2d70 DEOPT PACKING pc=0x0000019add4acb24 sp=0x00000088135fdaa0
Event: 1.855 Thread 0x0000019acdfe2d70 DEOPT UNPACKING pc=0x0000019adcea23a3 sp=0x00000088135fd920 mode 2
Event: 1.857 Thread 0x0000019acdfe2d70 Uncommon trap: trap_request=0xffffff45 fr.pc=0x0000019add4aa9c4 relative=0x0000000000000044
Event: 1.857 Thread 0x0000019acdfe2d70 Uncommon trap: reason=unstable_if action=reinterpret pc=0x0000019add4aa9c4 method=sun.net.util.IPAddressUtil.scan(Ljava/lang/String;JJ[C)I @ 14 c2
Event: 1.857 Thread 0x0000019acdfe2d70 DEOPT PACKING pc=0x0000019add4aa9c4 sp=0x00000088135fda20
Event: 1.857 Thread 0x0000019acdfe2d70 DEOPT UNPACKING pc=0x0000019adcea23a3 sp=0x00000088135fd908 mode 2
Event: 1.866 Thread 0x0000019acdfe2d70 Uncommon trap: trap_request=0xffffff45 fr.pc=0x0000019add4908bc relative=0x0000000000000e9c
Event: 1.866 Thread 0x0000019acdfe2d70 Uncommon trap: reason=unstable_if action=reinterpret pc=0x0000019add4908bc method=java.lang.String.<init>([BIILjava/nio/charset/Charset;)V @ 47 c2
Event: 1.866 Thread 0x0000019acdfe2d70 DEOPT PACKING pc=0x0000019add4908bc sp=0x00000088135fd970
Event: 1.866 Thread 0x0000019acdfe2d70 DEOPT UNPACKING pc=0x0000019adcea23a3 sp=0x00000088135fd948 mode 2
Event: 1.876 Thread 0x0000019acdfe2d70 Uncommon trap: trap_request=0xffffff45 fr.pc=0x0000019add453c80 relative=0x00000000000004c0
Event: 1.876 Thread 0x0000019acdfe2d70 Uncommon trap: reason=unstable_if action=reinterpret pc=0x0000019add453c80 method=java.lang.String.decodeASCII([BI[CII)I @ 7 c2
Event: 1.876 Thread 0x0000019acdfe2d70 DEOPT PACKING pc=0x0000019add453c80 sp=0x00000088135fd400
Event: 1.876 Thread 0x0000019acdfe2d70 DEOPT UNPACKING pc=0x0000019adcea23a3 sp=0x00000088135fd228 mode 2

Classes unloaded (0 events):
No events

Classes redefined (0 events):
No events

Internal exceptions (20 events):
Event: 0.268 Thread 0x0000019acdfe2d70 Exception <a 'java/lang/NoSuchMethodError'{0x00000000898bd810}: 'void java.lang.invoke.DirectMethodHandle$Holder.invokeStatic(java.lang.Object, java.lang.Object, java.lang.Object)'> (0x00000000898bd810) 
thrown [s\open\src\hotspot\share\interpreter\linkResolver.cpp, line 759]
Event: 0.338 Thread 0x0000019acdfe2d70 Exception <a 'java/lang/NoSuchMethodError'{0x0000000089647ff8}: 'java.lang.Object java.lang.invoke.DirectMethodHandle$Holder.invokeSpecialIFC(java.lang.Object, java.lang.Object, java.lang.Object, java.lang.Object)'> (0x0000000089647ff8) 
thrown [s\open\src\hotspot\share\interpreter\linkResolver.cpp, line 759]
Event: 0.527 Thread 0x0000019acdfe2d70 Exception <a 'java/lang/NoSuchMethodError'{0x0000000089009480}: 'void java.lang.invoke.DirectMethodHandle$Holder.invokeSpecial(java.lang.Object, java.lang.Object, java.lang.Object)'> (0x0000000089009480) 
thrown [s\open\src\hotspot\share\interpreter\linkResolver.cpp, line 759]
Event: 0.566 Thread 0x0000019acdfe2d70 Exception <a 'java/lang/NoSuchMethodError'{0x0000000088f63958}: 'java.lang.Object java.lang.invoke.DirectMethodHandle$Holder.invokeInterface(java.lang.Object, java.lang.Object)'> (0x0000000088f63958) 
thrown [s\open\src\hotspot\share\interpreter\linkResolver.cpp, line 759]
Event: 0.587 Thread 0x0000019acdfe2d70 Exception <a 'java/lang/NoSuchMethodError'{0x0000000088e0c278}: 'java.lang.Object java.lang.invoke.Invokers$Holder.invokeExact_MT(java.lang.Object, java.lang.Object, java.lang.Object, java.lang.Object, java.lang.Object, java.lang.Object)'> (0x0000000088e0c278) 
thrown [s\open\src\hotspot\share\interpreter\linkResolver.cpp, line 759]
Event: 0.590 Thread 0x0000019acdfe2d70 Exception <a 'java/lang/NoSuchMethodError'{0x0000000088e1d6f8}: 'int java.lang.invoke.DirectMethodHandle$Holder.invokeSpecialIFC(java.lang.Object, java.lang.Object, java.lang.Object, java.lang.Object, java.lang.Object)'> (0x0000000088e1d6f8) 
thrown [s\open\src\hotspot\share\interpreter\linkResolver.cpp, line 759]
Event: 0.643 Thread 0x0000019acdfe2d70 Exception <a 'java/lang/NoSuchMethodError'{0x0000000088dbbac0}: 'java.lang.Object java.lang.invoke.DirectMethodHandle$Holder.newInvokeSpecial(java.lang.Object, java.lang.Object, java.lang.Object, java.lang.Object, java.lang.Object)'> (0x0000000088dbbac0) 
thrown [s\open\src\hotspot\share\interpreter\linkResolver.cpp, line 759]
Event: 0.674 Thread 0x0000019acdfe2d70 Exception <a 'java/lang/NoSuchMethodError'{0x0000000088cc09d0}: 'int java.lang.invoke.DirectMethodHandle$Holder.invokeStaticInit(java.lang.Object, java.lang.Object)'> (0x0000000088cc09d0) 
thrown [s\open\src\hotspot\share\interpreter\linkResolver.cpp, line 759]
Event: 0.682 Thread 0x0000019acdfe2d70 Exception <a 'java/lang/NoClassDefFoundError'{0x0000000088cf9638}: javax/enterprise/inject/Typed> (0x0000000088cf9638) 
thrown [s\open\src\hotspot\share\classfile\systemDictionary.cpp, line 245]
Event: 1.434 Thread 0x0000019acdfe2d70 Exception <a 'java/lang/NoSuchMethodError'{0x0000000089caf4d0}: 'void java.lang.invoke.DirectMethodHandle$Holder.invokeStaticInit(java.lang.Object, java.lang.Object, java.lang.Object)'> (0x0000000089caf4d0) 
thrown [s\open\src\hotspot\share\interpreter\linkResolver.cpp, line 759]
Event: 1.439 Thread 0x0000019acdfe2d70 Exception <a 'java/lang/ExceptionInInitializerError'{0x0000000089cda610}> (0x0000000089cda610) 
thrown [s\open\src\hotspot\share\oops\instanceKlass.cpp, line 1216]
Event: 1.468 Thread 0x0000019acdfe2d70 Implicit null exception at 0x0000019add473a2f to 0x0000019add473b8c
Event: 1.470 Thread 0x0000019acdfe2d70 Exception <a 'java/lang/NoSuchMethodError'{0x0000000089be8828}: 'java.lang.Object java.lang.invoke.Invokers$Holder.invokeExact_MT(java.lang.Object, int, java.lang.Object)'> (0x0000000089be8828) 
thrown [s\open\src\hotspot\share\interpreter\linkResolver.cpp, line 759]
Event: 1.480 Thread 0x0000019acdfe2d70 Exception <a 'java/lang/NoSuchMethodError'{0x0000000089a61320}: 'int java.lang.invoke.DirectMethodHandle$Holder.invokeSpecial(java.lang.Object, java.lang.Object, java.lang.Object, java.lang.Object)'> (0x0000000089a61320) 
thrown [s\open\src\hotspot\share\interpreter\linkResolver.cpp, line 759]
Event: 1.700 Thread 0x0000019acdfe2d70 Exception <a 'java/lang/NoClassDefFoundError'{0x00000000892f60b8}: com/google/inject/servlet/ServletModuleTargetVisitor> (0x00000000892f60b8) 
thrown [s\open\src\hotspot\share\classfile\systemDictionary.cpp, line 245]
Event: 1.748 Thread 0x0000019acdfe2d70 Exception <a 'java/lang/NoSuchMethodError'{0x0000000089088be8}: 'void java.lang.invoke.DirectMethodHandle$Holder.invokeVirtual(java.lang.Object, java.lang.Object)'> (0x0000000089088be8) 
thrown [s\open\src\hotspot\share\interpreter\linkResolver.cpp, line 759]
Event: 1.769 Thread 0x0000019acdfe2d70 Exception <a 'java/lang/NoSuchMethodError'{0x0000000088f014d8}: 'java.lang.Object java.lang.invoke.DirectMethodHandle$Holder.invokeStaticInit(java.lang.Object, int, int, int, int)'> (0x0000000088f014d8) 
thrown [s\open\src\hotspot\share\interpreter\linkResolver.cpp, line 759]
Event: 1.887 Thread 0x0000019acdfe2d70 Exception <a 'java/lang/NoSuchMethodError'{0x0000000088bafa08}: 'void java.lang.invoke.DirectMethodHandle$Holder.invokeSpecial(java.lang.Object, java.lang.Object, java.lang.Object, java.lang.Object, java.lang.Object)'> (0x0000000088bafa08) 
thrown [s\open\src\hotspot\share\interpreter\linkResolver.cpp, line 759]
Event: 1.890 Thread 0x0000019acdfe2d70 Exception <a 'java/lang/NoSuchMethodError'{0x0000000088bccfd8}: 'java.lang.Object java.lang.invoke.DirectMethodHandle$Holder.invokeVirtual(java.lang.Object, java.lang.Object, java.lang.Object)'> (0x0000000088bccfd8) 
thrown [s\open\src\hotspot\share\interpreter\linkResolver.cpp, line 759]
Event: 1.893 Thread 0x0000019acdfe2d70 Exception <a 'java/lang/NoSuchMethodError'{0x0000000088be07a0}: 'void java.lang.invoke.DirectMethodHandle$Holder.invokeSpecial(java.lang.Object, java.lang.Object, java.lang.Object, java.lang.Object, java.lang.Object, java.lang.Object)'> (0x0000000088be07a0) 
thrown [s\open\src\hotspot\share\interpreter\linkResolver.cpp, line 759]

VM Operations (20 events):
Event: 1.444 Executing VM operation: HandshakeAllThreads
Event: 1.444 Executing VM operation: HandshakeAllThreads done
Event: 1.504 Executing VM operation: HandshakeAllThreads
Event: 1.504 Executing VM operation: HandshakeAllThreads done
Event: 1.505 Executing VM operation: HandshakeAllThreads
Event: 1.505 Executing VM operation: HandshakeAllThreads done
Event: 1.557 Executing VM operation: HandshakeAllThreads
Event: 1.557 Executing VM operation: HandshakeAllThreads done
Event: 1.681 Executing VM operation: HandshakeAllThreads
Event: 1.681 Executing VM operation: HandshakeAllThreads done
Event: 1.714 Executing VM operation: ICBufferFull
Event: 1.714 Executing VM operation: ICBufferFull done
Event: 1.758 Executing VM operation: HandshakeAllThreads
Event: 1.758 Executing VM operation: HandshakeAllThreads done
Event: 1.783 Executing VM operation: HandshakeAllThreads
Event: 1.783 Executing VM operation: HandshakeAllThreads done
Event: 1.854 Executing VM operation: HandshakeAllThreads
Event: 1.854 Executing VM operation: HandshakeAllThreads done
Event: 1.855 Executing VM operation: HandshakeAllThreads
Event: 1.855 Executing VM operation: HandshakeAllThreads done

Events (20 events):
Event: 1.831 loading class java/util/concurrent/locks/AbstractQueuedSynchronizer$Node done
Event: 1.831 loading class java/util/concurrent/locks/AbstractQueuedSynchronizer$ConditionNode done
Event: 1.853 loading class java/net/URL$2
Event: 1.853 loading class java/net/URL$2 done
Event: 1.854 loading class java/net/URL$1
Event: 1.854 loading class java/net/URL$1 done
Event: 1.854 loading class java/net/spi/URLStreamHandlerProvider
Event: 1.854 loading class java/net/spi/URLStreamHandlerProvider done
Event: 1.854 loading class sun/net/www/protocol/https/Handler
Event: 1.854 loading class sun/net/www/protocol/http/Handler
Event: 1.855 loading class sun/net/www/protocol/http/Handler done
Event: 1.855 loading class sun/net/www/protocol/https/Handler done
Event: 1.856 loading class java/util/regex/Pattern$Pos
Event: 1.856 loading class java/util/regex/Pattern$Pos done
Event: 1.859 loading class java/util/ArrayList$SubList$1
Event: 1.859 loading class java/util/ArrayList$SubList$1 done
Event: 1.862 loading class java/util/concurrent/atomic/AtomicReference
Event: 1.862 loading class java/util/concurrent/atomic/AtomicReference done
Event: 1.892 loading class java/lang/invoke/MethodHandle$1
Event: 1.892 loading class java/lang/invoke/MethodHandle$1 done


Dynamic libraries:
0x00007ff64afc0000 - 0x00007ff64afd0000 	C:\Program Files\Java\jdk-17\bin\java.exe
0x00007ffe335a0000 - 0x00007ffe33800000 	C:\WINDOWS\SYSTEM32\ntdll.dll
0x00007ffe31510000 - 0x00007ffe315d7000 	C:\WINDOWS\System32\KERNEL32.DLL
0x00007ffe30b90000 - 0x00007ffe30f5a000 	C:\WINDOWS\System32\KERNELBASE.dll
0x00007ffe30820000 - 0x00007ffe3096b000 	C:\WINDOWS\System32\ucrtbase.dll
0x00007ffdc20f0000 - 0x00007ffdc210b000 	C:\Program Files\Java\jdk-17\bin\VCRUNTIME140.dll
0x00007ffdc20d0000 - 0x00007ffdc20e9000 	C:\Program Files\Java\jdk-17\bin\jli.dll
0x00007ffe32300000 - 0x00007ffe323b2000 	C:\WINDOWS\System32\ADVAPI32.dll
0x00007ffe31b50000 - 0x00007ffe31bf9000 	C:\WINDOWS\System32\msvcrt.dll
0x00007ffe31460000 - 0x00007ffe31506000 	C:\WINDOWS\System32\sechost.dll
0x00007ffe31a30000 - 0x00007ffe31b46000 	C:\WINDOWS\System32\RPCRT4.dll
0x00007ffe31830000 - 0x00007ffe319fc000 	C:\WINDOWS\System32\USER32.dll
0x00007ffe2f8e0000 - 0x00007ffe2fb77000 	C:\WINDOWS\WinSxS\amd64_microsoft.windows.common-controls_6595b64144ccf1df_6.0.26100.3624_none_3e086962e3345f24\COMCTL32.dll
0x00007ffe30b60000 - 0x00007ffe30b87000 	C:\WINDOWS\System32\win32u.dll
0x00007ffe31a00000 - 0x00007ffe31a2a000 	C:\WINDOWS\System32\GDI32.dll
0x00007ffe30a20000 - 0x00007ffe30b51000 	C:\WINDOWS\System32\gdi32full.dll
0x00007ffe30970000 - 0x00007ffe30a13000 	C:\WINDOWS\System32\msvcp_win.dll
0x00007ffe28790000 - 0x00007ffe2879b000 	C:\WINDOWS\SYSTEM32\VERSION.dll
0x00007ffe33040000 - 0x00007ffe3306f000 	C:\WINDOWS\System32\IMM32.DLL
0x00007ffdea820000 - 0x00007ffdea82c000 	C:\Program Files\Java\jdk-17\bin\vcruntime140_1.dll
0x00007ffdc1a80000 - 0x00007ffdc1b0e000 	C:\Program Files\Java\jdk-17\bin\msvcp140.dll
0x00007ffdbe450000 - 0x00007ffdbf031000 	C:\Program Files\Java\jdk-17\bin\server\jvm.dll
0x00007ffe313a0000 - 0x00007ffe313a8000 	C:\WINDOWS\System32\PSAPI.DLL
0x00007ffe1d320000 - 0x00007ffe1d356000 	C:\WINDOWS\SYSTEM32\WINMM.dll
0x00007ffe113e0000 - 0x00007ffe113ea000 	C:\WINDOWS\SYSTEM32\WSOCK32.dll
0x00007ffe32280000 - 0x00007ffe322f4000 	C:\WINDOWS\System32\WS2_32.dll
0x00007ffe2ece0000 - 0x00007ffe2ecfa000 	C:\WINDOWS\SYSTEM32\kernel.appcore.dll
0x00007ffde88d0000 - 0x00007ffde88da000 	C:\Program Files\Java\jdk-17\bin\jimage.dll
0x00007ffe30040000 - 0x00007ffe30281000 	C:\WINDOWS\SYSTEM32\DBGHELP.DLL
0x00007ffe31c00000 - 0x00007ffe31f82000 	C:\WINDOWS\System32\combase.dll
0x00007ffe31750000 - 0x00007ffe31826000 	C:\WINDOWS\System32\OLEAUT32.dll
0x00007ffe2fea0000 - 0x00007ffe2fed9000 	C:\WINDOWS\SYSTEM32\dbgcore.DLL
0x00007ffe30780000 - 0x00007ffe30819000 	C:\WINDOWS\System32\bcryptPrimitives.dll
0x00007ffdc1a50000 - 0x00007ffdc1a75000 	C:\Program Files\Java\jdk-17\bin\java.dll
0x00007ffdc15d0000 - 0x00007ffdc16a7000 	C:\Program Files\Java\jdk-17\bin\jsvml.dll
0x00007ffe32610000 - 0x00007ffe32d39000 	C:\WINDOWS\System32\SHELL32.dll
0x00007ffe30f60000 - 0x00007ffe310c8000 	C:\WINDOWS\System32\wintypes.dll
0x00007ffe2d9e0000 - 0x00007ffe2e232000 	C:\WINDOWS\SYSTEM32\windows.storage.dll
0x00007ffe315e0000 - 0x00007ffe316cd000 	C:\WINDOWS\System32\SHCORE.dll
0x00007ffe32210000 - 0x00007ffe32274000 	C:\WINDOWS\System32\shlwapi.dll
0x00007ffe30690000 - 0x00007ffe306bf000 	C:\WINDOWS\SYSTEM32\profapi.dll
0x00007ffdc1a30000 - 0x00007ffdc1a49000 	C:\Program Files\Java\jdk-17\bin\net.dll
0x00007ffe283f0000 - 0x00007ffe2850d000 	C:\WINDOWS\SYSTEM32\WINHTTP.dll
0x00007ffe2f260000 - 0x00007ffe2f2ca000 	C:\WINDOWS\system32\mswsock.dll
0x00007ffdc1a10000 - 0x00007ffdc1a26000 	C:\Program Files\Java\jdk-17\bin\nio.dll
0x00007ffdc17d0000 - 0x00007ffdc17e8000 	C:\Program Files\Java\jdk-17\bin\zip.dll
0x00007ffdc17a0000 - 0x00007ffdc17c4000 	C:\Program Files\apache-maven-3.9.9\lib\jansi-native\Windows\x86_64\jansi.dll
0x00007ffdc1a00000 - 0x00007ffdc1a10000 	C:\Program Files\Java\jdk-17\bin\verify.dll

dbghelp: loaded successfully - version: 4.0.5 - missing functions: none
symbol engine: initialized successfully - sym options: 0x614 - pdb path: .;C:\Program Files\Java\jdk-17\bin;C:\WINDOWS\SYSTEM32;C:\WINDOWS\WinSxS\amd64_microsoft.windows.common-controls_6595b64144ccf1df_6.0.26100.3624_none_3e086962e3345f24;C:\Program Files\Java\jdk-17\bin\server;C:\Program Files\apache-maven-3.9.9\lib\jansi-native\Windows\x86_64

VM Arguments:
jvm_args: -Dclassworlds.conf=C:\Program Files\apache-maven-3.9.9\bin\m2.conf -Dmaven.home=C:\Program Files\apache-maven-3.9.9 -Dlibrary.jansi.path=C:\Program Files\apache-maven-3.9.9\lib\jansi-native -Dmaven.multiModuleProjectDirectory=C:\Users\RayenSabri\Desktop\Projects\New folder 
java_command: org.codehaus.plexus.classworlds.launcher.Launcher clean javafx:run
java_class_path (initial): C:\Program Files\apache-maven-3.9.9\boot\plexus-classworlds-2.8.0.jar
Launcher Type: SUN_STANDARD

[Global flags]
     intx CICompilerCount                          = 4                                         {product} {ergonomic}
     uint ConcGCThreads                            = 2                                         {product} {ergonomic}
     uint G1ConcRefinementThreads                  = 8                                         {product} {ergonomic}
   size_t G1HeapRegionSize                         = 1048576                                   {product} {ergonomic}
    uintx GCDrainStackTargetSize                   = 64                                        {product} {ergonomic}
   size_t InitialHeapSize                          = 132120576                                 {product} {ergonomic}
   size_t MarkStackSize                            = 4194304                                   {product} {ergonomic}
   size_t MaxHeapSize                              = 2113929216                                {product} {ergonomic}
   size_t MaxNewSize                               = 1267728384                                {product} {ergonomic}
   size_t MinHeapDeltaBytes                        = 1048576                                   {product} {ergonomic}
   size_t MinHeapSize                              = 8388608                                   {product} {ergonomic}
    uintx NonNMethodCodeHeapSize                   = 5839372                                {pd product} {ergonomic}
    uintx NonProfiledCodeHeapSize                  = 122909434                              {pd product} {ergonomic}
    uintx ProfiledCodeHeapSize                     = 122909434                              {pd product} {ergonomic}
    uintx ReservedCodeCacheSize                    = 251658240                              {pd product} {ergonomic}
     bool SegmentedCodeCache                       = true                                      {product} {ergonomic}
   size_t SoftMaxHeapSize                          = 2113929216                             {manageable} {ergonomic}
     bool UseCompressedClassPointers               = true                           {product lp64_product} {ergonomic}
     bool UseCompressedOops                        = true                           {product lp64_product} {ergonomic}
     bool UseG1GC                                  = true                                      {product} {ergonomic}
     bool UseLargePagesIndividualAllocation        = false                                  {pd product} {ergonomic}

Logging:
Log output configuration:
 #0: stdout all=warning uptime,level,tags
 #1: stderr all=off uptime,level,tags

Environment Variables:
JAVA_HOME=C:\Program Files\Java\jdk-17
PATH=C:\Program Files\Common Files\Oracle\Java\javapath;C:\Program Files (x86)\VMware\VMware Workstation\bin\;C:\oraclexe\app\oracle\product\11.2.0\server\bin;C:\WINDOWS\system32;C:\WINDOWS;C:\WINDOWS\System32\Wbem;C:\WINDOWS\System32\WindowsPowerShell\v1.0\;C:\WINDOWS\System32\OpenSSH\;C:\Program Files (x86)\NVIDIA Corporation\PhysX\Common;C:\instantclient_12_2;C:\oraclexe\app\oracle\admin\XE;C:\oraclexe;C:\Program Files\Git\cmd;C:\Program Files (x86)\Microchip\MPLAB C32 Suite\bin;C:\Program Files (x86)\Microchip\MPLAB IDE\VDI;C:\xampp\php;C:\Program Files\dotnet\;C:\composer;C:\Program Files\NVIDIA Corporation\NVIDIA app\NvDLISR;C:\Users\RayenSabri\AppData\Local\Programs\Python\Python312\Scripts\;C:\Users\RayenSabri\AppData\Local\Programs\Python\Python312\;C:\Users\RayenSabri\scoop\shims;C:\Users\RayenSabri\AppData\Local\Microsoft\WindowsApps;C:\Users\RayenSabri\AppData\Local\Programs\Microsoft VS Code\bin;C:\ProgramData\RayenSabri\GitHubDesktop\bin;C:\Users\RayenSabri\AppData\Local\GitHubDesktop\bin;C:\Users\RayenSabri\AppData\Roaming\Composer\vendor\bin;C:\Users\RayenSabri\.dotnet\tools;C:\Users\RayenSabri\AppData\Local\JetBrains\IntelliJ IDEA 2023.2.3\bin;C:\Users\RayenSabri\.jdks\jbr-17.0.8.1\bin;C:\mercure\;C:\Program Files\wkhtmltopdf\bin;C:\WINDOWS\system32;C:\WINDOWS;C:\WINDOWS\System32\Wbem;C:\WINDOWS\System32\WindowsPowerShell\v1.0\;C:\WINDOWS\System32\OpenSSH\;C:\Program Files\apache-maven-3.9.9\bin;C:\Program Files\Java\jdk-17\bin;C:\Users\RayenSabri\AppData\Local\Programs\Python\Python312\Scripts\;C:\Users\RayenSabri\AppData\Local\Programs\Python\Python312\;C:\Users\RayenSabri\scoop\shims;C:\Users\RayenSabri\AppData\Local\Microsoft\WindowsApps;C:\Users\RayenSabri\AppData\Local\Programs\Microsoft VS Code\bin;C:\ProgramData\RayenSabri\GitHubDesktop\bin;C:\Users\RayenSabri\AppData\Local\GitHubDesktop\bin;C:\Users\RayenSabri\AppData\Roaming\Composer\vendor\bin;C:\Users\RayenSabri\.dotnet\tools;C:\Users\RayenSabri\AppData\Local\JetBrains\IntelliJ IDEA 2023.2.
USERNAME=RayenSabri
LANG=en_US.UTF-8
OS=Windows_NT
PROCESSOR_IDENTIFIER=Intel64 Family 6 Model 165 Stepping 2, GenuineIntel



---------------  S Y S T E M  ---------------

OS:
 Windows 11 , 64 bit Build 26100 (10.0.26100.3775)
OS uptime: 0 days 0:03 hours

CPU: total 8 (initial active 8) (4 cores per cpu, 2 threads per core) family 6 model 165 stepping 2 microcode 0xf6, cx8, cmov, fxsr, ht, mmx, 3dnowpref, sse, sse2, sse3, ssse3, sse4.1, sse4.2, popcnt, lzcnt, tsc, tscinvbit, avx, avx2, aes, erms, clmul, bmi1, bmi2, adx, fma, vzeroupper, clflush, clflushopt

Memory: 4k page, system-wide physical 8059M (3196M free)
TotalPageFile size 24340M (AvailPageFile size 17163M)
current process WorkingSet (physical memory assigned to process): 118M, peak: 120M
current process commit charge ("private bytes"): 247M, peak: 249M

vm_info: Java HotSpot(TM) 64-Bit Server VM (17.0.14+8-LTS-191) for windows-amd64 JRE (17.0.14+8-LTS-191), built on Dec  3 2024 11:07:59 by "mach5one" with MS VC++ 17.6 (VS2022)

END.
